app/transportistas/[id]/transporter-form.tsx(54,83): error TS7006: Parameter 'v' implicitly has an 'any' type.
app/transportistas/[id]/transporter-form.tsx(56,83): error TS7006: Parameter 'v' implicitly has an 'any' type.
app/transportistas/[id]/transporter-form.tsx(57,83): error TS7006: Parameter 'v' implicitly has an 'any' type.
app/transportistas/[id]/transporter-form.tsx(59,86): error TS7006: Parameter 'v' implicitly has an 'any' type.
app/transportistas/[id]/transporter-form.tsx(62,120): error TS7006: Parameter 'v' implicitly has an 'any' type.
app/transportistas/[id]/transporter-form.tsx(63,110): error TS7006: Parameter 'v' implicitly has an 'any' type.
app/transportistas/actions.ts(74,13): error TS18047: 'current' is possibly 'null'.
app/verificaciones/[id]/viaje-form.tsx(50,80): error TS7006: Parameter 'v' implicitly has an 'any' type.
app/verificaciones/[id]/viaje-form.tsx(51,89): error TS7006: Parameter 'v' implicitly has an 'any' type.
app/verificaciones/[id]/viaje-form.tsx(57,101): error TS7006: Parameter 'v' implicitly has an 'any' type.
app/verificaciones/[id]/viaje-form.tsx(58,97): error TS7006: Parameter 'v' implicitly has an 'any' type.
app/verificaciones/[id]/viaje-form.tsx(59,103): error TS7006: Parameter 'v' implicitly has an 'any' type.
app/verificaciones/[id]/viaje-form.tsx(60,95): error TS7006: Parameter 'v' implicitly has an 'any' type.
app/verificaciones/[id]/viaje-form.tsx(69,113): error TS7006: Parameter 'v' implicitly has an 'any' type.
